[dotenv@17.2.3] injecting env (3) from .env -- tip: ≡ƒöÉ prevent building .env in docker: https://dotenvx.com/prebuild
Starting backend flow test...
Logged in successfully. User ID: 14bb4722-a557-4efe-bf04-9db9a39937f8
Uploading image...
